// Jest Snapshot v1, https://goo.gl/fbAQLP

exports[`ListItem component render ListItem 1`] = `
<DocumentFragment>
  <ul>
    <li>
      <a
        href="/details/1"
      >
        <h2>
          fred
        </h2>
      </a>
    </li>
    <li>
      <a
        href="/details/2"
      >
        <h2>
          dave
        </h2>
      </a>
    </li>
  </ul>
</DocumentFragment>
`;
